// Jest Snapshot v1, https://goo.gl/fbAQLP

exports[`automatic snapshot 1`] = `
Array [
  Object {
    "name": "Dynaguy",
    "powers": Array [
      "disintegration ray",
      "fly",
    ],
  },
  Object {
    "name": "Apogee",
    "powers": Array [
      "gravity control",
      "fly",
    ],
  },
]
`;

exports[`snapshot examples 1`] = `
Object {
  "date": 1988-10-18T00:00:00.000Z,
  "error": [Error: some error],
  "map": Map {
    Object {} => Array [],
    Array [] => Object {},
  },
  "mixedArray": Array [
    1,
    Array [
      2,
      3,
    ],
    Object {
      "four": 5,
      "six": Array [
        7,
        8,
      ],
    },
  ],
  "regex": /do-not-try-to-regex-an-email/,
  "set": Set {
    1,
    2,
    3,
  },
  "someFunction": [Function],
  "symbol": Symbol(symbol description),
}
`;
